<html>
<body>
<pre>
<h1>µVision Build Log</h1>
<h2>Tool Versions:</h2>
IDE-Version: ¦ÌVision V5.34.0.0
Copyright (C) 2021 ARM Ltd and ARM Germany GmbH. All rights reserved.
License Information: 1969500379@qq.com,  , LIC=CZLZX-HE1XP-QDHKD-8W7XD-UIXFT-WT53V
 
Tool Versions:
Toolchain:       MDK-ARM Plus  Version: 5.34.0.0
Toolchain Path:  D:\keil-5\Core\ARM\ARMCC\Bin
C Compiler:      Armcc.exe V5.06 update 7 (build 960)
Assembler:       Armasm.exe V5.06 update 7 (build 960)
Linker/Locator:  ArmLink.exe V5.06 update 7 (build 960)
Library Manager: ArmAr.exe V5.06 update 7 (build 960)
Hex Converter:   FromElf.exe V5.06 update 7 (build 960)
CPU DLL:         SARMCM3.DLL V5.34.0.0
Dialog DLL:      DARMSTM.DLL V1.68.0.0
Target DLL:      Segger\JL2CM3.dll V2.99.38.0
Dialog DLL:      TARMSTM.DLL V1.66.0.0
 
<h2>Project:</h2>
C:\Users\19695\Desktop\stm32 (1)\MPU\MPU6050_DMP-master\USER\MPU6050.uvprojx
Project File Date:  11/15/2023

<h2>Output:</h2>
*** Using Compiler 'V5.06 update 7 (build 960)', folder: 'D:\keil-5\Core\ARM\ARMCC\Bin'
Build target 'MPU6050'
compiling main.c...
..\HARDWARE\NMSWJ\nmswj.h(8): warning:  #1-D: last line of file ends without a newline
  #endif
main.c: 1 warning, 0 errors
linking...
Program Size: Code=18540 RO-data=3820 RW-data=108 ZI-data=1852  
FromELF: creating hex file...
"..\OBJ\MPU6050.axf" - 0 Error(s), 1 Warning(s).

<h2>Software Packages used:</h2>

Package Vendor: Keil
                http://www.keil.com/pack/Keil.STM32F1xx_DFP.2.4.0.pack
                Keil.STM32F1xx_DFP.2.4.0
                STMicroelectronics STM32F1 Series Device Support, Drivers and Examples

<h2>Collection of Component include folders:</h2>
  D:\keil-5\Pack\Keil\STM32F1xx_DFP\2.4.0\Device\Include

<h2>Collection of Component Files used:</h2>
Build Time Elapsed:  00:00:01
</pre>
</body>
</html>
