<html>
<body>
<pre>
<h1>µVision Build Log</h1>
<h2>Tool Versions:</h2>
IDE-Version: ¦ÌVision V5.24.2.0
Copyright (C) 2017 ARM Ltd and ARM Germany GmbH. All rights reserved.
License Information: LiNing LiNing, LiNing, LIC=MPPLD-8F85L-30KNC-7SMH0-ZFP8T-5MI3B
 
Tool Versions:
Toolchain:       MDK-ARM Plus  Version: 5.24.1
Toolchain Path:  D:\Keil5\Keil5\APP\ARM\ARMCC\Bin
C Compiler:      Armcc.exe V5.06 update 5 (build 528)
Assembler:       Armasm.exe V5.06 update 5 (build 528)
Linker/Locator:  ArmLink.exe V5.06 update 5 (build 528)
Library Manager: ArmAr.exe V5.06 update 5 (build 528)
Hex Converter:   FromElf.exe V5.06 update 5 (build 528)
CPU DLL:         SARMCM3.DLL V5.24.1
Dialog DLL:      DCM.DLL V1.16.0.0
Target DLL:      STLink\ST-LINKIII-KEIL_SWO.dll V3.0.1.0
Dialog DLL:      TCM.DLL V1.32.0.0
 
<h2>Project:</h2>
D:\Keil5\Github\STM32\STM32F407\FSMC_TFT\LVGL_V3\MDK-ARM\LVGL_V3.uvprojx
Project File Date:  07/17/2025

<h2>Output:</h2>
*** Using Compiler 'V5.06 update 5 (build 528)', folder: 'D:\Keil5\Keil5\APP\ARM\ARMCC\Bin'
Build target 'LVGL_V3'
compiling setup_scr_screen.c...
compiling main.c...
../Core/Src/main.c(110): warning:  #177-D: variable "weekday"  was declared but never referenced
      char *weekday[] = {"", "Monday", "Tuesday", "Wednesday", "Thursday", "Friday", "Saturday", "Sunday"};
../Core/Src/main.c(122): warning:  #177-D: variable "str1"  was declared but never referenced
  		char str1[128];
../Core/Src/main.c: 2 warnings, 0 errors
linking...
Program Size: Code=181180 RO-data=199312 RW-data=696 ZI-data=65376  
FromELF: creating hex file...
"FSMC\FSMC.axf" - 0 Error(s), 2 Warning(s).

<h2>Software Packages used:</h2>

Package Vendor: ARM
                http://www.keil.com/pack/ARM.CMSIS.5.0.1.pack
                ARM.CMSIS.5.0.1
                CMSIS (Cortex Microcontroller Software Interface Standard)
   * Component: CORE Version: 5.0.1

Package Vendor: Keil
                https://www.keil.com/pack/Keil.STM32F4xx_DFP.2.17.1.pack
                Keil.STM32F4xx_DFP.2.17.1
                STMicroelectronics STM32F4 Series Device Support, Drivers and Examples

<h2>Collection of Component include folders:</h2>
  .\RTE\_LVGL_V3
  D:\Keil5\Keil5\APP\ARM\PACK\ARM\CMSIS\5.0.1\CMSIS\Include
  D:\Keil5\Keil5\APP\ARM\PACK\Keil\STM32F4xx_DFP\2.17.1\Drivers\CMSIS\Device\ST\STM32F4xx\Include

<h2>Collection of Component Files used:</h2>

   * Component: ARM::CMSIS:CORE:5.0.1
Build Time Elapsed:  00:00:04
</pre>
</body>
</html>
