<html>
<body>
<pre>
<h1>�Vision Build Log</h1>
<h2>Tool Versions:</h2>
IDE-Version: ��Vision V5.24.2.0
Copyright (C) 2017 ARM Ltd and ARM Germany GmbH. All rights reserved.
License Information: LiNing LiNing, LiNing, LIC=MPPLD-8F85L-30KNC-7SMH0-ZFP8T-5MI3B
 
Tool Versions:
Toolchain:       MDK-ARM Plus  Version: 5.24.1
Toolchain Path:  D:\Keil5\Keil5\APP\ARM\ARMCC\Bin
C Compiler:      Armcc.exe V5.06 update 5 (build 528)
Assembler:       Armasm.exe V5.06 update 5 (build 528)
Linker/Locator:  ArmLink.exe V5.06 update 5 (build 528)
Library Manager: ArmAr.exe V5.06 update 5 (build 528)
Hex Converter:   FromElf.exe V5.06 update 5 (build 528)
CPU DLL:         SARMCM3.DLL V5.24.1
Dialog DLL:      DCM.DLL V1.16.0.0
Target DLL:      STLink\ST-LINKIII-KEIL_SWO.dll V3.0.1.0
Dialog DLL:      TCM.DLL V1.32.0.0
 
<h2>Project:</h2>
D:\Keil5\Github\STM32\I2C\I2C_MPU6050_status\MDK-ARM\I2C_MPU6050.uvprojx
Project File Date:  04/23/2025

<h2>Output:</h2>
*** Using Compiler 'V5.06 update 5 (build 528)', folder: 'D:\Keil5\Keil5\APP\ARM\ARMCC\Bin'
Build target 'I2C_MPU6050'
assembling startup_stm32f103xb.s...
compiling stm32f1xx_hal_msp.c...
compiling ANO.c...
compiling stm32f1xx_it.c...
compiling i2c.c...
compiling usart.c...
compiling gpio.c...
compiling OLED.c...
..\Core\Src\OLED.c(21): warning:  #188-D: enumerated type mixed with another type
  	
LED_W_SCL(1);
..\Core\Src\OLED.c(22): warning:  #188-D: enumerated type mixed with another type
  	
LED_W_SDA(1);
..\Core\Src\OLED.c(32): warning:  #188-D: enumerated type mixed with another type
  	
LED_W_SDA(1);
..\Core\Src\OLED.c(33): warning:  #188-D: enumerated type mixed with another type
  	
LED_W_SCL(1);
..\Core\Src\OLED.c(34): warning:  #188-D: enumerated type mixed with another type
  	
LED_W_SDA(0);
..\Core\Src\OLED.c(35): warning:  #188-D: enumerated type mixed with another type
  	
LED_W_SCL(0);
..\Core\Src\OLED.c(45): warning:  #188-D: enumerated type mixed with another type
  	
LED_W_SDA(0);
..\Core\Src\OLED.c(46): warning:  #188-D: enumerated type mixed with another type
  	
LED_W_SCL(1);
..\Core\Src\OLED.c(47): warning:  #188-D: enumerated type mixed with another type
  	
LED_W_SDA(1);
..\Core\Src\OLED.c(60): warning:  #188-D: enumerated type mixed with another type
  		
LED_W_SDA(!!(Byte & (0x80 >> i)));
..\Core\Src\OLED.c(61): warning:  #188-D: enumerated type mixed with another type
  		
LED_W_SCL(1);
..\Core\Src\OLED.c(62): warning:  #188-D: enumerated type mixed with another type
  		
LED_W_SCL(0);
..\Core\Src\OLED.c(64): warning:  #188-D: enumerated type mixed with another type
  	
LED_W_SCL(1);	//额外的一个时钟，不处理应答信�?
..\Core\Src\OLED.c(65): warning:  #188-D: enumerated type mixed with another type
  	
LED_W_SCL(0);
..\Core\Src\OLED.c: 14 warnings, 0 errors
compiling stm32f1xx_hal.c...
compiling stm32f1xx_hal_gpio_ex.c...
compiling main.c...
compiling stm32f1xx_hal_i2c.c...
compiling MPU6050_driver.c...
compiling tim.c...
compiling stm32f1xx_hal_rcc_ex.c...
compiling stm32f1xx_hal_rcc.c...
compiling stm32f1xx_hal_gpio.c...
compiling stm32f1xx_hal_cortex.c...
compiling stm32f1xx_hal_dma.c...
compiling stm32f1xx_hal_pwr.c...
compiling stm32f1xx_hal_flash_ex.c...
compiling stm32f1xx_hal_flash.c...
compiling stm32f1xx_hal_exti.c...
compiling system_stm32f1xx.c...
compiling stm32f1xx_hal_tim_ex.c...
compiling stm32f1xx_hal_uart.c...
compiling stm32f1xx_hal_tim.c...
linking...
Program Size: Code=16180 RO-data=1832 RW-data=48 ZI-data=1256  
FromELF: creating hex file...
"I2C_MPU6050\I2C_MPU6050.axf" - 0 Error(s), 14 Warning(s).

<h2>Software Packages used:</h2>

Package Vendor: ARM
                http://www.keil.com/pack/ARM.CMSIS.5.0.1.pack
                ARM.CMSIS.5.0.1
                CMSIS (Cortex Microcontroller Software Interface Standard)
   * Component: CORE Version: 5.0.1

Package Vendor: Keil
                https://www.keil.com/pack/Keil.STM32F1xx_DFP.2.4.1.pack
                Keil.STM32F1xx_DFP.2.4.1
                STMicroelectronics STM32F1 Series Device Support, Drivers and Examples

<h2>Collection of Component include folders:</h2>
  .\RTE\_I2C_MPU6050
  D:\Keil5\Keil5\APP\ARM\PACK\ARM\CMSIS\5.0.1\CMSIS\Include
  D:\Keil5\Keil5\APP\ARM\PACK\Keil\STM32F1xx_DFP\2.4.1\Device\Include

<h2>Collection of Component Files used:</h2>

   * Component: ARM::CMSIS:CORE:5.0.1
Build Time Elapsed:  00:00:11
</pre>
</body>
</html>
