<html>
<body>
<pre>
<h1>µVision Build Log</h1>
<h2>Tool Versions:</h2>
IDE-Version: ¦ÌVision V5.20.0.0
Copyright (C) 2016 ARM Ltd and ARM Germany GmbH. All rights reserved.
License Information: 666 Lenovo, 666, LIC=S962Z-JX0NE-K62QE-59LLI-EUBXZ-X54W6
 
Tool Versions:
Toolchain:       *** Unknown Product ***  Version: 5.20
Toolchain Path:  D:\STM32\keil5\ARM\ARMCC\Bin
C Compiler:      Armcc.exe V5.06 update 2 (build 183)
Assembler:       Armasm.exe V5.06 update 2 (build 183)
Linker/Locator:  ArmLink.exe V5.06 update 2 (build 183)
Library Manager: ArmAr.exe V5.06 update 2 (build 183)
Hex Converter:   FromElf.exe V5.06 update 2 (build 183)
CPU DLL:         SARMCM3.DLL V5.20
Dialog DLL:      DCM.DLL V1.13.7.0
Target DLL:      STLink\ST-LINKIII-KEIL_SWO.dll V2.0.18.0
Dialog DLL:      TCM.DLL V1.14.9.0
 
<h2>Project:</h2>
D:\STM32\Master\EXTI\LED_BUTTON\MDK-ARM\LED_BUTTON.uvprojx
Project File Date:  12/06/2024

<h2>Output:</h2>
*** Using Compiler 'V5.06 update 2 (build 183)', folder: 'D:\STM32\keil5\ARM\ARMCC\Bin'
Build target 'LED_BUTTON'
compiling main.c...
compiling stm32f1xx_it.c...
linking...
Program Size: Code=4080 RO-data=1824 RW-data=20 ZI-data=1636  
FromELF: creating hex file...
"LED_BUTTON\LED_BUTTON.axf" - 0 Error(s), 0 Warning(s).

<h2>Software Packages used:</h2>

Package Vendor: ARM
                http://www.keil.com/pack/ARM.CMSIS.4.5.0.pack
                ARM::CMSIS:CORE:4.3.0
                CMSIS (Cortex Microcontroller Software Interface Standard)
   * Component: CORE Version: 4.3.0

<h2>Collection of Component include folders:</h2>
  D:\STM32\Master\EXTI\LED_BUTTON\MDK-ARM\RTE
  D:\STM32\keil5\ARM\PACK\ARM\CMSIS\4.5.0\CMSIS\Include
  D:\STM32\keil5\ARM\PACK\Keil\STM32F1xx_DFP\2.1.0\Device\Include

<h2>Collection of Component Files used:</h2>

   * Component: ARM::CMSIS:CORE:4.3.0
Build Time Elapsed:  00:00:04
</pre>
</body>
</html>
